<?xml version="1.0" encoding="UTF-8"?>
<testsuites name="jest tests" tests="40" failures="0" time="4.162">
  <testsuite name="actions" errors="0" failures="0" skipped="0" timestamp="2019-03-25T14:27:20" time="1.575" tests="3">
    <testcase classname="actions setTerm should set SET_TERM type" name="actions setTerm should set SET_TERM type" time="0.007">
    </testcase>
    <testcase classname="actions setTerm should set term as payload" name="actions setTerm should set term as payload" time="0.001">
    </testcase>
    <testcase classname="actions setTerm should dispatch searchItem action" name="actions setTerm should dispatch searchItem action" time="0.005">
    </testcase>
  </testsuite>
  <testsuite name="itempsApi" errors="0" failures="0" skipped="0" timestamp="2019-03-25T14:27:20" time="1.658" tests="24">
    <testcase classname="itempsApi order should order by title asc" name="itempsApi order should order by title asc" time="0.012">
    </testcase>
    <testcase classname="itempsApi order should order by title desc" name="itempsApi order should order by title desc" time="0.001">
    </testcase>
    <testcase classname="itempsApi order should order by price asc" name="itempsApi order should order by price asc" time="0.001">
    </testcase>
    <testcase classname="itempsApi order should order by price desc" name="itempsApi order should order by price desc" time="0.007">
    </testcase>
    <testcase classname="itempsApi search should return all items" name="itempsApi search should return all items" time="0.001">
    </testcase>
    <testcase classname="itempsApi search should filter by total match" name="itempsApi search should filter by total match" time="0">
    </testcase>
    <testcase classname="itempsApi search should filter by partial match " name="itempsApi search should filter by partial match " time="0.001">
    </testcase>
    <testcase classname="itempsApi search should filter case insensitive " name="itempsApi search should filter case insensitive " time="0">
    </testcase>
    <testcase classname="itempsApi search fiels should OR filter by title" name="itempsApi search fiels should OR filter by title" time="0.001">
    </testcase>
    <testcase classname="itempsApi search fiels should OR filter by description" name="itempsApi search fiels should OR filter by description" time="0.001">
    </testcase>
    <testcase classname="itempsApi search fiels should OR filter by email" name="itempsApi search fiels should OR filter by email" time="0">
    </testcase>
    <testcase classname="itempsApi search fiels should OR filter by price" name="itempsApi search fiels should OR filter by price" time="0">
    </testcase>
    <testcase classname="itempsApi pagination should default to size 5 and page 1" name="itempsApi pagination should default to size 5 and page 1" time="0.001">
    </testcase>
    <testcase classname="itempsApi pagination page should return -1 if no result" name="itempsApi pagination page should return -1 if no result" time="0.001">
    </testcase>
    <testcase classname="itempsApi pagination page should return the current page" name="itempsApi pagination page should return the current page" time="0">
    </testcase>
    <testcase classname="itempsApi pagination page overflowing should return the last page" name="itempsApi pagination page overflowing should return the last page" time="0.001">
    </testcase>
    <testcase classname="itempsApi pagination data should returns itmes of given page" name="itempsApi pagination data should returns itmes of given page" time="0.001">
    </testcase>
    <testcase classname="itempsApi pagination size should return pages of x element" name="itempsApi pagination size should return pages of x element" time="0.001">
    </testcase>
    <testcase classname="itempsApi pagination size should return lenth 0 and size 1 if no results" name="itempsApi pagination size should return lenth 0 and size 1 if no results" time="0">
    </testcase>
    <testcase classname="itempsApi pagination totalPages should return totalPages 5" name="itempsApi pagination totalPages should return totalPages 5" time="0.001">
    </testcase>
    <testcase classname="itempsApi pagination totalPages should return 0 when the result is empty" name="itempsApi pagination totalPages should return 0 when the result is empty" time="0.001">
    </testcase>
    <testcase classname="itempsApi pagination data should return 1st page" name="itempsApi pagination data should return 1st page" time="0.001">
    </testcase>
    <testcase classname="itempsApi pagination data should return 2nd page" name="itempsApi pagination data should return 2nd page" time="0.001">
    </testcase>
    <testcase classname="itempsApi pagination data overflowing should return last page" name="itempsApi pagination data overflowing should return last page" time="0.001">
    </testcase>
  </testsuite>
  <testsuite name="&lt;App /&gt;" errors="0" failures="0" skipped="0" timestamp="2019-03-25T14:27:20" time="1.757" tests="3">
    <testcase classname="&lt;App /&gt; renders the component" name="&lt;App /&gt; renders the component" time="0.055">
    </testcase>
    <testcase classname="&lt;App /&gt; renders three &lt;ItemList /&gt; components" name="&lt;App /&gt; renders three &lt;ItemList /&gt; components" time="0.012">
    </testcase>
    <testcase classname="&lt;App /&gt; should load favourites" name="&lt;App /&gt; should load favourites" time="0.003">
    </testcase>
  </testsuite>
  <testsuite name="&lt;SearchBar /&gt;" errors="0" failures="0" skipped="0" timestamp="2019-03-25T14:27:22" time="0.39" tests="4">
    <testcase classname="&lt;SearchBar /&gt; should contain the injected searchTerm" name="&lt;SearchBar /&gt; should contain the injected searchTerm" time="0.013">
    </testcase>
    <testcase classname="&lt;SearchBar /&gt; should not call onSubmit after submit with no changes on term" name="&lt;SearchBar /&gt; should not call onSubmit after submit with no changes on term" time="0.002">
    </testcase>
    <testcase classname="&lt;SearchBar /&gt; should call onSubmit after term change submit" name="&lt;SearchBar /&gt; should call onSubmit after term change submit" time="0.004">
    </testcase>
    <testcase classname="&lt;SearchBar /&gt; should call onSubmit after icon click" name="&lt;SearchBar /&gt; should call onSubmit after icon click" time="0.003">
    </testcase>
  </testsuite>
  <testsuite name="&lt;Header /&gt;" errors="0" failures="0" skipped="0" timestamp="2019-03-25T14:27:22" time="0.541" tests="4">
    <testcase classname="&lt;Header /&gt; renders the SearchBar" name="&lt;Header /&gt; renders the SearchBar" time="0.023">
    </testcase>
    <testcase classname="&lt;Header /&gt; renders the SideAction" name="&lt;Header /&gt; renders the SideAction" time="0.009">
    </testcase>
    <testcase classname="&lt;Header /&gt; &lt;SearchBar /&gt; should inject term of state on SearchBar" name="&lt;Header /&gt; &lt;SearchBar /&gt; should inject term of state on SearchBar" time="0.01">
    </testcase>
    <testcase classname="&lt;Header /&gt; &lt;SearchBar /&gt; should onSubmit on SearchBar" name="&lt;Header /&gt; &lt;SearchBar /&gt; should onSubmit on SearchBar" time="0.007">
    </testcase>
  </testsuite>
  <testsuite name="termReducer" errors="0" failures="0" skipped="0" timestamp="2019-03-25T14:27:22" time="0.37" tests="2">
    <testcase classname="termReducer should init term to empty string" name="termReducer should init term to empty string" time="0.003">
    </testcase>
    <testcase classname="termReducer should return new term" name="termReducer should return new term" time="0">
    </testcase>
  </testsuite>
</testsuites>